output frequency: 1
structural node: 990000 163.187 0.11053 101.24 phi 0 0.011716 0
structural node: 990001 160.111 -5.13085e-05 99.9696 phi -1.16333e-05 0.0284836 -7.01105e-06
structural node: 990002 160.11 -11.0402 99.9704 phi -8.54953e-05 0.0284906 -5.03406e-07
structural node: 990003 160.111 -22.0715 99.9725 phi -0.000975003 0.0284778 3.44622e-05
structural node: 990004 160.149 -31.3818 101.289 phi -0.00191932 0.0282188 9.85839e-05
structural node: 990005 160.186 -40.6899 102.62 phi -0.00303384 0.0282129 0.000141171
structural node: 990006 160.225 -49.9958 103.963 phi -0.00572504 0.0282963 0.000189383
structural node: 990007 163.537 -58.4251 103.939 phi -0.00832121 0.0271068 0.000272689
structural node: 990008 166.86 -66.8547 103.94 phi -0.0106189 0.0258786 0.000364586
structural node: 990009 170.183 -75.2841 103.954 phi -0.0126034 0.0258551 0.000417496
structural node: 990010 173.507 -83.7038 103.986 phi -0.0157333 Reading Structural(99structReading Structural(990012)
Reading Structural(990013)
Reading Structural(990014)
Reading Structural(990015)
Reading Structural(990016)
Reading Structural(990017)
Reading Structural(990018)
Reading Structural(990019)
Reading Structural(990020)
Reading Structural(990021)
Reading Structural(990022)
Reading Structural(990023)
Reading Structural(991002)
Reading Structural(991003)
Reading Structural(991004)
Reading Structural(991005)
Reading Structural(991006)
Reading Structural(991007)
Reading Structural(991008)
Reading Structural(991009)
Reading Structural(991010)
Reading Structural(991011)
Reading Structural(991012)
Reading Structural(991013)
Reading Structural(991014)
Reading Structural(991015)
Reading Structural(991016)
Reading Structural(991017)
Reading Structural(991018)
Reading Structural(991019)
Reading Structural(991020)
Reading Structural(991021)
Reading Structural(991022)
Reading Structural(991023)
Reading Structural(880004)
Reading Structural(880008)
Reading Structural(880011)
Reading Structural(880014)
Reading Structural(880017)
Reading Structural(881004)
Reading Structural(881008)
Reading Structural(881011)
Reading Structural(881014)
Reading Structural(881017)
Reading Structural(882001)
Reading Structural(882002)
Reading Structural(882003)
Reading Structural(882004)
Reading Structural(882005)
Reading Structural(882006)
Reading Structural(882007)
Reading Structural(882008)
Reading Structural(882009)
Reading Structural(882010)
Reading Structural(882011)
Reading Structural(882012)
Reading Structural(882013)
Reading Structural(882014)
Reading Structural(882015)
Reading Structural(882016)
Reading Structural(882017)
Reading Structural(882018)
Reading Structural(882019)
Reading Structural(882020)
Reading Gravity
Reading Joint(5)
Modal(5), file '/home/monzani/X_56/workflows/bff_DUST/runs/check_20260908_130829/INCLUDE/mbdyn_modal_60.fem': using 25 of 60 available modes
Modal(5): warning, requested output but text output is disabled. NetCDF output of Modal Joint is not implemented yet.
module "libmodule-pid" loaded
Reading Joint(1)
Reading LoadableElement(9101)
Reading LoadableElement(9102)
Reading LoadableElement(9103)
Reading LoadableElement(9104)
Reading LoadableElement(9201)
Reading LoadableElement(9202)
Reading LoadableElement(9303)
Reading Joint(1004)
Reading Joint(1008)
Reading Joint(1011)
Reading Joint(1014)
Reading Joint(1017)
Reading Joint(2004)
Reading Joint(2008)
Reading Joint(2011)
Reading Joint(2014)
Reading Joint(2017)
Reading Force(9502)
Reading Joint(9601)
Reading Joint(9602)
Reading Joint(9603)
Reading Joint(9604)
Reading Joint(9605)
Reading Joint(9606)
Reading Joint(9607)
Reading Joint(9608)
Reading Joint(9609)
Reading Joint(9610)
Reading Joint(9611)
Reading Joint(9612)
Reading Joint(9613)
Reading Joint(9614)
Reading Joint(9615)
Reading Joint(9616)
Reading Joint(9617)
Reading Joint(9618)
Reading Joint(9619)
Reading Joint(9620)
Reading Force(9500)
DataManager cleanup
MBDyn was interrupted
0760943
structural node: 880004 172.344 -31.3806 100.976 phi -0.00193537 0.027089 9.8463e-05
structural node: 880008 172.016 -66.8532 103.833 phi -0.0100922 0.0244677 0.000350369
structural node: 880011 181.987 -92.1309 103.93 phi -0.0153783 0.0232646 0.000463563
structural node: 880014 191.96 -117.417 104.118 phi -0.0173666 0.0230868 0.000517149
structural node: 880017 201.924 -142.693 104.327 phi -0.017889 0.0238721 0.000535913
structural node: 881004 172.345 31.3813 100.97 phi 0.00186617 0.0271534 -0.000101402
structural node: 881008 172.017 66.8539 103.827 phi 0.0105099 0.0244288 -0.000377914
structural node: 881011 181.988 92.1311 103.928 phi 0.0151729 0.023059 -0.000488705
structural node: 881014 191.962 117.417 104.121 phi 0.0173147 0.0228309 -0.000542707
structural node: 881017 201.927 142.693 104.338 phi 0.0179312 0.0234981 -0.000560974
structural node: 882001 176.512 16.83 100.004 phi 0 0.011716 0
structural node: 882002 164.995 45.93 103.496 phi 0 0.011716 0
structural node: 882003 165.49 54.2175 104.063 phi 0 0.011716 0
structural node: 882004 176.233 79.4908 103.937 phi 0 0.011716 0
structural node: 882005 176.24 79.5092 103.937 phi 0 0.011716 0
structural node: 882006 186.98 104.776 103.811 phi 0 0.011716 0
structural node: 882007 186.988 104.794 103.811 phi 0 0.011716 0
structural node: 882008 197.728 130.061 103.685 phi 0 0.011716 0
structural node: 882009 197.736 130.079 103.685 phi 0 0.011716 0
structural node: 882010 208.477 155.35 103.56 phi 0 0.011716 0
structural node: 882011 164.995 -45.93 103.496 phi 0 0.011716 0
structural node: 882012 176.512 -16.83 100.004 phi 0 0.011716 0
structural node: 882013 176.233 -79.4908 103.937 phi 0 0.011716 0
structural node: 882014 165.49 -54.2175 104.063 phi 0 0.011716 0
structural node: 882015 186.98 -104.776 103.811 phi 0 0.011716 0
structural node: 882016 176.24 -79.5092 103.937 phi 0 0.011716 0
structural node: 882017 197.728 -130.061 103.685 phi 0 0.011716 0
structural node: 882018 186.988 -104.794 103.811 phi 0 0.011716 0
structural node: 882019 208.477 -155.35 103.56 phi 0 0.011716 0
structural node: 882020 197.736 -130.079 103.685 phi 0 0.011716 0
modal: 5 990000 1.08601 -1.51304829212869e-12 -1.30984584108498e-13 -3.40058435667279e-13 4189.57274975474 5.02194786198841 -33.5703589018411 5.02194786198841 619.298657659882 1.82533725067786 -33.5703589018411 1.82533725067786 4747.63022994479
totalpinjoint: 1 990000 0 0 0 0.999931368527024 0 -0.0117157259985204 0 1 0 0.0117157259985204 0 0.999931368527024 0.999931368527024 0 -0.0117157259985204 0 1 0 0.0117157259985204 0 0.999931368527024 163.187383385809 0.110529571088 101.239797358848 1 0 0 0 1 0 0 0 1 1 0 0 0 1 0 0 0 1 1 1 0 0 0 0 0 0 1 0 0 0
PID: 9101 0.000348331161531545 8.70827903828863e-06 0 100 0 0 1
PID: 9102 0.00104499348459463 0 0 100 0 0 1
PID: 9103 -0.522496742297317 0 0 100 0 0 1
PID: 9104 -0.653120927871647 0 0 100 0 0 1
PID: 9201 -0.8 -0.08 0 100 0 0 1
PID: 9202 -0.4 0 0 100 0 0 1
PID: 9303 0.0006 2e-05 0 100 0 0 1
totaljoint: 1004 990004 12.1966238783271 0.00015507894733533 0.417832228474099 1 0 0 0 1 0 0 0 1 0.938754931207892 0.344198276297617 -0.0163317398526995 -0.338879320998458 0.930761575255916 0.137272341812729 0.0624498593472469 -0.123330598883148 0.990398696710892 880004 -0.00290302115396063 -0.000125658159788955 0.387144610461478 0.999999361761079 -1.42296128515322e-06 0.00112981211271741 1.44114264438234e-06 0.999999999869493 -1.60915601956225e-05 -0.00112981208967228 1.60931781457785e-05 0.999999361632622 0.938825370877639 0.344057391774706 -0.0152129603184119 -0.338878972990138 0.930764055755014 0.137256381198201 0.0613837491654931 -0.123704420614881 0.990418725418055 1 1 1 0 0 0 1 1 1 0 0 0
totaljoint: 1008 990008 5.10977271722936 -0.0083557883053084 0.17978913476709 1 0 0 0 1 0 0 0 1 0.939676038170766 -0.341772347587842 -0.0141635345866586 0.341646016953391 0.939768725754474 -0.0106179656100073 0.0169393738838228 0.00513853268033156 0.99984331427195 880008 -0.0468985547167041 -0.00834563661306261 0.152876392728959 0.999999004638955 -1.52648273155989e-05 0.00141084658402501 1.45217544137066e-05 0.999999861190964 0.000526694571754928 -0.00141085442808844 -0.000526673559536058 0.999998866051729 0.939693786544171 -0.341779103126998 -0.0127527328829157 0.341668537150765 0.939766338609255 -0.0100915577692761 0.0154336726521771 0.00512576654356002 0.999867755388585 1 1 1 0 0 0 1 1 1 0 0 0
totaljoint: 1011 990011 5.10332859748463 -0.00803942721483633 -0.0414536229938883 1 0 0 0 1 0 0 0 1 0.939708615174083 -0.341716253958652 -0.0133311795454473 0.341485647308116 0.93973463632235 -0.016922351451767 0.0183104137081584 0.0113496729717713 0.999767929908371 880011 -0.0533717432575022 -0.00816086876988561 -0.0610288552994684 0.999998415292762 -3.65052804805274e-05 0.00177990992142365 3.37540657607054e-05 0.999998804819902 0.00154571000848692 -0.00177996422068814 -0.00154564747979254 0.99999722134676 0.939727250868729 -0.34172981631938 -0.0115510438066793 0.341545260747387 0.939739522160414 -0.0153774299125968 0.0161098986868387 0.0105053856683343 0.999815036912458 1 1 1 0 0 0 1 1 1 0 0 0
totaljoint: 1014 990014 5.09670110987368 -0.00494565739359813 -0.373544573644363 1 0 0 0 1 0 0 0 1 0.939719899248908 -0.34167990008695 -0.0134668790814476 0.341392920002311 0.939711721911711 -0.0198180189227504 0.0194264028558506 0.0140258895724665 0.999712903434673 880014 -0.0602123368913297 -0.00624561519938095 -0.365549058793139 0.999997809286294 -5.38901928500947e-05 0.00209249097019441 4.87553339280265e-05 0.999996987947621 0.00245391902956985 -0.00209261690967176 -0.0024538116336398 0.999994799867947 0.939740092433907 -0.341700443762748 -0.0113738913592855 0.341485378886085 0.939726651130486 -0.017365401294181 0.0166221141657232 0.0124349462171108 0.999784515499835 1 1 1 0 0 0 1 1 1 0 0 0
totaljoint: 1017 990017 5.09102334603677 -0.00118156589197847 -0.743754982781188 1 0 0 0 1 0 0 0 1 0.939707271155212 -0.341666793245563 -0.0146303428298432 0.341342012088092 0.939707518696228 -0.020866482440278 0.0208776272999917 0.0146144346134845 0.999675218748195 880017 -0.0663198775621101 -0.00424731280477148 -0.691862879241247 0.999996946302326 -6.62718143737125e-05 0.00247042386445887 5.89079962913205e-05 0.999995555834834 0.00298074494529211 -0.00247061042486289 -0.00298059031527836 0.999992506054671 0.939733356807556 -0.341691922172681 -0.0121592937764447 0.341458082262301 0.939726777476721 -0.0178874746951473 0.0175384195683312 0.0126575675055122 0.999766067549749 1 1 1 0 0 0 1 1 1 0 0 0
totaljoint: 2004 991004 12.1961834415709 -0.000278686028291016 0.420318258777577 1 0 0 0 1 0 0 0 1 0.938748582465527 -0.344212322623541 -0.0164004839279747 0.338886825344608 0.9307636661403 -0.137239634948948 0.0625045480490611 0.123275604833945 0.99040209345801 881004 -0.00328211546839337 -0.000557007824524016 0.392910481280719 0.999999355208107 3.35540601469663e-06 0.00113559328627667 -3.25757227120265e-06 0.999999996283444 -8.61539361512052e-05 -0.00113559357113761 8.61501813226447e-05 0.999999351502483 0.938820094016069 -0.344068986639011 -0.0152762398797269 0.338878381030923 0.930754163298995 -0.137324908051851 0.0614676658213058 0.123746595649305 0.990408252249388 1 1 1 0 0 0 1 1 1 0 0 0
totaljoint: 2008 991008 5.1086824903757 0.00849455154732533 0.181158937414615 1 0 0 0 1 0 0 0 1 0.939682170831546 0.341754112870432 -0.0141966248614701 -0.341618722591774 0.939772618062071 0.0111388830465921 0.0171483584076644 -0.00561717695157029 0.999837177307894 881008 -0.0479779884484472 0.00780424098800372 0.159101619194764 0.999998900697783 1.33964901297549e-05 0.00148270825176392 -1.24624802593566e-05 0.99999980150856 -0.00062994247872483 -0.00148271639647723 0.00062992330800535 0.999998702373515 0.939701987357522 0.341757998199362 -0.0127139931999374 -0.341641168033288 0.939771710919738 0.0105092178509816 0.0155398603975195 -0.00553190941294672 0.999863946103205 1 1 1 0 0 0 1 1 1 0 0 0
totaljoint: 2011 991011 5.10183721446515 0.00842337089387553 -0.0426312305165793 1 0 0 0 1 0 0 0 1 0.939717076768597 0.341695058171082 -0.0132779083798498 -0.3414697368945 0.939745008642767 0.0166654587757807 0.018172353031018 -0.0111268123228076 0.999772954041491 881011 -0.0550430017250206 0.00796154423823929 -0.0589106940559319 0.999998132838237 3.23078885264814e-05 0.00193216879201476 -2.94210388204255e-05 0.99999888338744 -0.00149410785249786 -0.00193221490600076 0.00149404821634376 0.999997017178293 0.939739402052012 0.341703282468593 -0.0113456150611632 -0.341524154513061 0.939750530945781 0.0151720621954296 0.0158463912316305 -0.0103829830642345 0.999820526668473 1 1 1 0 0 0 1 1 1 0 0 0
totaljoint: 2014 991014 5.09477757708964 0.00539624137943642 -0.377539396104411 1 0 0 0 1 0 0 0 1 0.939727168706577 0.341663382508804 -0.0133783947976713 -0.341378534483968 0.939717916379081 0.0197720466754463 0.0193273016300194 -0.0140132326320744 0.999715001749449 881014 -0.0626276624318672 0.00619309275250337 -0.368552817145166 0.999997445412222 4.67410764729001e-05 0.00225986377957166 -4.11826392124599e-05 0.999996974287707 -0.00245961773904396 -0.00225997190705488 0.00245951838857984 0.999994421632579 0.939752488759761 0.341674765129835 -0.0111182167322938 -0.341463739789624 0.939735469658778 0.0173136210562365 0.0163638100306268 -0.012474050611841 0.999788289480635 1 1 1 0 0 0 1 1 1 0 0 0
totaljoint: 2017 991017 5.08862315792269 0.00177624266274588 -0.751335996243704 1 0 0 0 1 0 0 0 1 0.939714879433105 0.341651427183022 -0.0144999198559336 -0.341330244188904 0.939713596862397 0.0207850973988439 0.020727030032489 -0.0145828041110146 0.999678814445066 881017 -0.0695840285336364 0.00429112376694778 -0.702398292796837 0.999996315521621 6.02661863263112e-05 0.002713910678275 -5.25127957134564e-05 0.999995917709168 -0.0028568877130265 -0.00271407177302955 0.00285673467184846 0.999992236410576 0.939747097709988 0.341667224902651 -0.0117855747833719 -0.341437412632497 0.939733481040481 0.0179298038573996 0.0172013255442476 -0.0128254449770793 0.999769784680784 1 1 1 0 0 0 1 1 1 0 0 0
totaljoint: 9601 881004 4.19324572965301 -14.5525372070754 -0.82530009551627 1 0 0 0 1 0 0 0 1 1 0 0 0 1 0 0 0 1 882001 0 0 0 0.999880841347291 0.000104870638058193 0.015436713017403 -7.60542186056701e-05 0.999998253662441 -0.00186732102868747 -0.015436881886839 0.00186592449408314 0.999879103193678 0.999880841347291 0.000104870638058193 0.015436713017403 -7.60542186056701e-05 0.999998253662441 -0.00186732102868747 -0.015436881886839 0.00186592449408314 0.999879103193678 1 1 1 0 0 0 1 1 1 0 0 0
totaljoint: 9602 881004 -7.4166204523054 14.5524645888922 2.29893404568927 1 0 0 0 1 0 0 0 1 1 0 0 0 1 0 0 0 1 882002 0 0 0 0.999880841347291 0.000104870638058193 0.015436713017403 -7.60542186056701e-05 0.999998253662441 -0.00186732102868747 -0.015436881886839 0.00186592449408314 0.999879103193678 0.999880841347291 0.000104870638058193 0.015436713017403 -7.60542186056701e-05 0.999998253662441 -0.00186732102868747 -0.015436881886839 0.00186592449408314 0.999879103193678 1 1 1 0 0 0 1 1 1 0 0 0
totaljoint: 9603 881008 -6.52779441396894 -12.6364813472491 0.20960570031771 1 0 0 0 1 0 0 0 1 1 0 0 0 1 0 0 0 1 882003 0 0 0 0.999919142792941 0.000383137102863899 0.0127106680465945 -0.000249505796034875 0.999944703244195 -0.0105132393074983 -0.0127139931999374 0.0105092178509816 0.999863946103205 0.999919142792941 0.000383137102863899 0.0127106680465945 -0.000249505796034875 0.999944703244195 -0.0105132393074983 -0.0127139931999374 0.0105092178509816 0.999863946103205 1 1 1 0 0 0 1 1 1 0 0 0
totaljoint: 9604 881008 4.20853002212308 12.6395343530754 0.0804585298151513 1 0 0 0 1 0 0 0 1 1 0 0 0 1 0 0 0 1 882004 0 0 0 0.999919142792941 0.000383137102863899 0.0127106680465945 -0.000249505796034875 0.999944703244195 -0.0105132393074983 -0.0127139931999374 0.0105092178509816 0.999863946103205 0.999919142792941 0.000383137102863899 0.0127106680465945 -0.000249505796034875 0.999944703244195 -0.0105132393074983 -0.0127139931999374 0.0105092178509816 0.999863946103205 1 1 1 0 0 0 1 1 1 0 0 0
totaljoint: 9605 881011 -5.74289235969665 -12.6241450631438 0.0682350829853353 1 0 0 0 1 0 0 0 1 1 0 0 0 1 0 0 0 1 882005 0 0 0 0.99993558722534 0.000485849868638533 0.0113395480606608 -0.000313718343099578 0.999884779601452 -0.0151765971863934 -0.0113456150611632 0.0151720621954296 0.999820526668473 0.99993558722534 0.000485849868638533 0.0113395480606608 -0.000313718343099578 0.999884779601452 -0.0151765971863934 -0.0113456150611632 0.0151720621954296 0.999820526668473 1 1 1 0 0 0 1 1 1 0 0 0
totaljoint: 9606 881011 4.98913877025703 12.6447560501832 -0.193431724505039 1 0 0 0 1 0 0 0 1 1 0 0 0 1 0 0 0 1 882006 0 0 0 0.99993558722534 0.000485849868638533 0.0113395480606608 -0.000313718343099578 0.999884779601452 -0.0151765971863934 -0.0113456150611632 0.0151720621954296 0.999820526668473 0.99993558722534 0.000485849868638533 0.0113395480606608 -0.000313718343099578 0.999884779601452 -0.0151765971863934 -0.0113456150611632 0.0151720621954296 0.999820526668473 1 1 1 0 0 0 1 1 1 0 0 0
totaljoint: 9607 881014 -4.96166112978925 -12.6303439648626 -0.204202324207154 1 0 0 0 1 0 0 0 1 1 0 0 0 1 0 0 0 1 882007 0 0 0 0.999938131204804 0.000537469876069582 0.011110575537574 -0.000344991793468731 0.999849963570562 -0.0173185255899305 -0.0111182167322938 0.0173136210562365 0.999788289480635 0.999938131204804 0.000537469876069582 0.011110575537574 -0.000344991793468731 0.999849963570562 -0.0173185255899305 -0.0111182167322938 0.0173136210562365 0.999788289480635 1 1 1 0 0 0 1 1 1 0 0 0
totaljoint: 9608 881014 5.769607150583 12.6382318983574 -0.522447680669842 1 0 0 0 1 0 0 0 1 1 0 0 0 1 0 0 0 1 882008 0 0 0 0.999938131204804 0.000537469876069582 0.011110575537574 -0.000344991793468731 0.999849963570562 -0.0173185255899305 -0.0111182167322938 0.0173136210562365 0.999788289480635 0.999938131204804 0.000537469876069582 0.011110575537574 -0.000344991793468731 0.999849963570562 -0.0173185255899305 -0.0111182167322938 0.0173136210562365 0.999788289480635 1 1 1 0 0 0 1 1 1 0 0 0
totaljoint: 9609 881017 -4.17009420946596 -12.6267853584046 -0.524211417002545 1 0 0 0 1 0 0 0 1 1 0 0 0 1 0 0 0 1 882009 0 0 0 0.999930486365708 0.000561529164198297 0.0117773987550762 -0.000350233441953613 0.999839090463377 -0.017935175435529 -0.0117855747833719 0.0179298038573996 0.999769784680784 0.999930486365708 0.000561529164198297 0.0117773987550762 -0.000350233441953613 0.999839090463377 -0.017935175435529 -0.0117855747833719 0.0179298038573996 0.999769784680784 1 1 1 0 0 0 1 1 1 0 0 0
totaljoint: 9610 881017 6.56274459603487 12.6459775191886 -0.850929639492149 1 0 0 0 1 0 0 0 1 1 0 0 0 1 0 0 0 1 882010 0 0 0 0.999930486365708 0.000561529164198297 0.0117773987550762 -0.000350233441953613 0.999839090463377 -0.017935175435529 -0.0117855747833719 0.0179298038573996 0.999769784680784 0.999930486365708 0.000561529164198297 0.0117773987550762 -0.000350233441953613 0.999839090463377 -0.017935175435529 -0.0117855747833719 0.0179298038573996 0.999769784680784 1 1 1 0 0 0 1 1 1 0 0 0
totaljoint: 9611 880004 -7.41606136908248 -14.5533082324357 2.29263903116451 1 0 0 0 1 0 0 0 1 1 0 0 0 1 0 0 0 1 882011 0 0 0 0.9998818334066 -0.000101998530074898 0.0153723394366609 7.22388414875703e-05 0.999998122436128 0.00193646734246508 -0.0153725080909342 -0.00193512803672413 0.999879963432849 0.9998818334066 -0.000101998530074898 0.0153723394366609 7.22388414875703e-05 0.999998122436128 0.00193646734246508 -0.0153725080909342 -0.00193512803672413 0.999879963432849 1 1 1 0 0 0 1 1 1 0 0 0
totaljoint: 9612 880004 4.19348912326051 14.5519552812676 -0.830329818978309 1 0 0 0 1 0 0 0 1 1 0 0 0 1 0 0 0 1 882012 0 0 0 0.9998818334066 -0.000101998530074898 0.0153723394366609 7.22388414875703e-05 0.999998122436128 0.00193646734246508 -0.0153725080909342 -0.00193512803672413 0.999879963432849 0.9998818334066 -0.000101998530074898 0.0153723394366609 7.22388414875703e-05 0.999998122436128 0.00193646734246508 -0.0153725080909342 -0.00193512803672413 0.999879963432849 1 1 1 0 0 0 1 1 1 0 0 0
totaljoint: 9613 880008 4.20989330044089 -12.640012829954 0.0796792430634704 1 0 0 0 1 0 0 0 1 1 0 0 0 1 0 0 0 1 882013 0 0 0 0.999918654858765 -0.000355581106587196 0.0127497932342313 0.000226868807932358 0.999949015712234 0.0100952715009546 -0.0127527328829157 -0.0100915577692761 0.999867755388585 0.999918654858765 -0.000355581106587196 0.0127497932342313 0.000226868807932358 0.999949015712234 0.0100952715009546 -0.0127527328829157 -0.0100915577692761 0.999867755388585 1 1 1 0 0 0 1 1 1 0 0 0
totaljoint: 9614 880008 -6.52699800485428 12.6358158128386 0.197842647642733 1 0 0 0 1 0 0 0 1 1 0 0 0 1 0 0 0 1 882014 0 0 0 0.999918654858765 -0.000355581106587196 0.0127497932342313 0.000226868807932358 0.999949015712234 0.0100952715009546 -0.0127527328829157 -0.0100915577692761 0.999867755388585 0.999918654858765 -0.000355581106587196 0.0127497932342313 0.000226868807932358 0.999949015712234 0.0100952715009546 -0.0127527328829157 -0.0100915577692761 0.999867755388585 1 1 1 0 0 0 1 1 1 0 0 0
totaljoint: 9615 880011 4.99116576927435 -12.6447967368789 -0.197103332656093 1 0 0 0 1 0 0 0 1 1 0 0 0 1 0 0 0 1 882015 0 0 0 0.999933243958547 -0.000462251269745318 0.0115452999225379 0.00028462872994451 0.999881653483574 0.0153817428609146 -0.0115510438066793 -0.0153774299125968 0.999815036912458 0.999933243958547 -0.000462251269745318 0.0115452999225379 0.00028462872994451 0.999881653483574 0.0153817428609146 -0.0115510438066793 -0.0153774299125968 0.999815036912458 1 1 1 0 0 0 1 1 1 0 0 0
totaljoint: 9616 880011 -5.74157518791701 12.6237719258161 0.0675368986581522 1 0 0 0 1 0 0 0 1 1 0 0 0 1 0 0 0 1 882016 0 0 0 0.999933243958547 -0.000462251269745318 0.0115452999225379 0.00028462872994451 0.999881653483574 0.0153817428609146 -0.0115510438066793 -0.0153774299125968 0.999815036912458 0.999933243958547 -0.000462251269745318 0.0115452999225379 0.00028462872994451 0.999881653483574 0.0153817428609146 -0.0115510438066793 -0.0153774299125968 0.999815036912458 1 1 1 0 0 0 1 1 1 0 0 0
totaljoint: 9617 880014 5.7723640800371 -12.6381369395995 -0.518600810515179 1 0 0 0 1 0 0 0 1 1 0 0 0 1 0 0 0 1 882017 0 0 0 0.99993526507763 -0.000514119662523966 0.0113666765196667 0.000316621978560305 0.999849077870688 0.0173701246874635 -0.0113738913592855 -0.017365401294181 0.999784515499835 0.99993526507763 -0.000514119662523966 0.0113666765196667 0.000316621978560305 0.999849077870688 0.0173701246874635 -0.0113738913592855 -0.017365401294181 0.999784515499835 1 1 1 0 0 0 1 1 1 0 0 0
totaljoint: 9618 880014 -4.95959022486265 12.6301657485406 -0.201802411504875 1 0 0 0 1 0 0 0 1 1 0 0 0 1 0 0 0 1 882018 0 0 0 0.99993526507763 -0.000514119662523966 0.0113666765196667 0.000316621978560305 0.999849077870688 0.0173701246874635 -0.0113738913592855 -0.017365401294181 0.999784515499835 0.99993526507763 -0.000514119662523966 0.0113666765196667 0.000316621978560305 0.999849077870688 0.0173701246874635 -0.0113738913592855 -0.017365401294181 0.999784515499835 1 1 1 0 0 0 1 1 1 0 0 0
totaljoint: 9619 880017 6.56633186080557 -12.645799309962 -0.837373999467021 1 0 0 0 1 0 0 0 1 1 0 0 0 1 0 0 0 1 882019 0 0 0 0.999926021103986 -0.000539813311733181 0.0121515809974783 0.000322325934284064 0.999839860602996 0.0178927151481587 -0.0121592937764447 -0.0178874746951473 0.999766067549749 0.999926021103986 -0.000539813311733181 0.0121515809974783 0.000322325934284064 0.999839860602996 0.0178927151481587 -0.0121592937764447 -0.0178874746951473 0.999766067549749 1 1 1 0 0 0 1 1 1 0 0 0
totaljoint: 9620 880017 -4.16716422186702 12.6267497485129 -0.515748411157271 1 0 0 0 1 0 0 0 1 1 0 0 0 1 0 0 0 1 882020 0 0 0 0.999926021103986 -0.000539813311733181 0.0121515809974783 0.000322325934284064 0.999839860602996 0.0178927151481587 -0.0121592937764447 -0.0178874746951473 0.999766067549749 0.999926021103986 -0.000539813311733181 0.0121515809974783 0.000322325934284064 0.999839860602996 0.0178927151481587 -0.0121592937764447 -0.0178874746951473 0.999766067549749 1 1 1 0 0 0 1 1 1 0 0 0
