# Derivatives solution step at time 0 performed in 0 iterations with 1 error
# Key for lines starting with "Step":
# Step Time TStep NIter ResErr SolErr SolConv Out
Step 0 0 0 0 1 0 0 1
Step 1 0.002 0.002 4 3.61079e-05 0 0 1
Step 2 0.004 0.002 5 0.0007665510958384697 0 0 1
Step 3 0.006 0.002 5 0.0001641863254227769 0 0 1
Step 4 0.008 0.002 4 6.514047464263461e-07 0 0 1
Step 5 0.01 0.002 4 8.982749761675167e-07 0 0 1
Step 6 0.012 0.002 4 7.402318821656054e-07 0 0 1
Step 7 0.014 0.002 4 4.7698132101956e-07 0 0 1
Step 8 0.016 0.002 4 9.101179331239202e-07 0 0 1
Step 9 0.018 0.002 4 1.24556752784151e-06 0 0 1
Step 10 0.02 0.002 4 1.013294581024854e-06 0 0 1
Step 11 0.02200000000000001 0.002 4 1.049809153036632e-06 0 0 1
Step 12 0.02400000000000001 0.002 4 1.052620292830521e-06 0 0 1
Step 13 0.02600000000000001 0.002 4 1.070364034198931e-06 0 0 1
Step 14 0.02800000000000001 0.002 4 1.104076995784628e-06 0 0 1
Step 15 0.03000000000000001 0.002 4 1.162016090018167e-06 0 0 1
Step 16 0.03200000000000001 0.002 4 2.640804649221429e-06 0 0 1
Step 17 0.03400000000000002 0.002 4 1.859084011862353e-05 0 0 1
Step 18 0.03600000000000002 0.002 4 1.86910158225232e-05 0 0 1
Step 19 0.03800000000000002 0.002 4 1.924287565032076e-05 0 0 1
Step 20 0.04000000000000002 0.002 4 1.927786793374845e-05 0 0 1
