
MBDyn - MultiBody Dynamics develop
configured on May 21 2026 at 09:10:13

Copyright 1996-2023 (C) Paolo Mantegazza and Pierangelo Masarati,
Dipartimento di Ingegneria Aerospaziale <http://www.aero.polimi.it/>
Politecnico di Milano                   <http://www.polimi.it/>

MBDyn is free software, covered by the GNU General Public License,
and you are welcome to change it and/or distribute copies of it
under certain conditions.  Use 'mbdyn --license' to see the conditions.
There is absolutely no warranty for MBDyn.  Use "mbdyn --warranty"
for details.

reading from file "main.mbd"
Creating scalar solver with Lapack linear solver
Reading Structural(990000)
Reading Structural(990001)
Reading Structural(990002)
Reading Structural(990003)
Reading Structural(990004)
Reading Structural(990005)
Reading Structural(990006)
Reading Structural(990007)
Reading Structural(990008)
Reading Structural(990009)
Reading Structural(990010)
Reading Structural(990011)
Reading Structural(990012)
Reading Structural(990013)
Reading Structural(990014)
Reading Structural(990015)
Reading Structural(990016)
Reading Structural(990017)
Reading Structural(990018)
Reading Structural(990019)
Reading Structural(990020)
Reading Structural(990021)
Reading Structural(990022)
Reading Structural(990023)
Reading Structural(991002)
Reading Structural(991003)
Reading Structural(991004)
Reading Structural(991005)
Reading Structural(991006)
Reading Structural(991007)
Reading Structural(991008)
Reading Structural(991009)
Reading Structural(991010)
Reading Structural(991011)
Reading Structural(991012)
Reading Structural(991013)
Reading Structural(991014)
Reading Structural(991015)
Reading Structural(991016)
Reading Structural(991017)
Reading Structural(991018)
Reading Structural(991019)
Reading Structural(991020)
Reading Structural(991021)
Reading Structural(991022)
Reading Structural(991023)
Reading Structural(880004)
Reading Structural(880008)
Reading Structural(880011)
Reading Structural(880014)
Reading Structural(880017)
Reading Structural(881004)
Reading Structural(881008)
Reading Structural(881011)
Reading Structural(881014)
Reading Structural(881017)
Reading Structural(882001)
Reading Structural(882002)
Reading Structural(882003)
Reading Structural(882004)
Reading Structural(882005)
Reading Structural(882006)
Reading Structural(882007)
Reading Structural(882008)
Reading Structural(882009)
Reading Structural(882010)
Reading Structural(882011)
Reading Structural(882012)
Reading Structural(882013)
Reading Structural(882014)
Reading Structural(882015)
Reading Structural(882016)
Reading Structural(882017)
Reading Structural(882018)
Reading Structural(882019)
Reading Structural(882020)
Reading Gravity
Reading Joint(5)
Modal(5), file '/home/monzani/X_56/workflows/bff_DUST/runs/smoke_20260908_131340/INCLUDE/mbdyn_modal_60.fem': using 25 of 60 available modes
Modal(5): warning, requested output but text output is disabled. NetCDF output of Modal Joint is not implemented yet.
module "libmodule-pid" loaded
Reading Joint(1)
Reading LoadableElement(9101)
Reading LoadableElement(9102)
Reading LoadableElement(9103)
Reading LoadableElement(9104)
Reading LoadableElement(9201)
Reading LoadableElement(9202)
Reading LoadableElement(9303)
Reading Joint(1004)
Reading Joint(1008)
Reading Joint(1011)
Reading Joint(1014)
Reading Joint(1017)
Reading Joint(2004)
Reading Joint(2008)
Reading Joint(2011)
Reading Joint(2014)
Reading Joint(2017)
Reading Force(9502)
Reading Joint(9601)
Reading Joint(9602)
Reading Joint(9603)
Reading Joint(9604)
Reading Joint(9605)
Reading Joint(9606)
Reading Joint(9607)
Reading Joint(9608)
Reading Joint(9609)
Reading Joint(9610)
Reading Joint(9611)
Reading Joint(9612)
Reading Joint(9613)
Reading Joint(9614)
Reading Joint(9615)
Reading Joint(9616)
Reading Joint(9617)
Reading Joint(9618)
Reading Joint(9619)
Reading Joint(9620)
Reading Force(9500)
LOCAL connection to path="/tmp/bff_dust_socket_d3qlgmkr/mbdyn.sock"
Skipping initial joints assembly
Regular steps dof stats
Structural(990000): 12 1->12
Structural(990001): 12 13->24
Structural(990002): 12 25->36
Structural(990003): 12 37->48
Structural(990004): 12 49->60
Structural(990005): 12 61->72
Structural(990006): 12 73->84
Structural(990007): 12 85->96
Structural(990008): 12 97->108
Structural(990009): 12 109->120
Structural(990010): 12 121->132
Structural(990011): 12 133->144
Structural(990012): 12 145->156
Structural(990013): 12 157->168
Structural(990014): 12 169->180
Structural(990015): 12 181->192
Structural(990016): 12 193->204
Structural(990017): 12 205->216
Structural(990018): 12 217->228
Structural(990019): 12 229->240
Structural(990020): 12 241->252
Structural(990021): 12 253->264
Structural(990022): 12 265->276
Structural(990023): 12 277->288
Structural(991002): 12 289->300
Structural(991003): 12 301->312
Structural(991004): 12 313->324
Structural(991005): 12 325->336
Structural(991006): 12 337->348
Structural(991007): 12 349->360
Structural(991008): 12 361->372
Structural(991009): 12 373->384
Structural(991010): 12 385->396
Structural(991011): 12 397->408
Structural(991012): 12 409->420
Structural(991013): 12 421->432
Structural(991014): 12 433->444
Structural(991015): 12 445->456
Structural(991016): 12 457->468
Structural(991017): 12 469->480
Structural(991018): 12 481->492
Structural(991019): 12 493->504
Structural(991020): 12 505->516
Structural(991021): 12 517->528
Structural(991022): 12 529->540
Structural(991023): 12 541->552
Structural(880004): 12 553->564
Structural(880008): 12 565->576
Structural(880011): 12 577->588
Structural(880014): 12 589->600
Structural(880017): 12 601->612
Structural(881004): 12 613->624
Structural(881008): 12 625->636
Structural(881011): 12 637->648
Structural(881014): 12 649->660
Structural(881017): 12 661->672
Structural(882001): 12 673->684
Structural(882002): 12 685->696
Structural(882003): 12 697->708
Structural(882004): 12 709->720
Structural(882005): 12 721->732
Structural(882006): 12 733->744
Structural(882007): 12 745->756
Structural(882008): 12 757->768
Structural(882009): 12 769->780
Structural(882010): 12 781->792
Structural(882011): 12 793->804
Structural(882012): 12 805->816
Structural(882013): 12 817->828
Structural(882014): 12 829->840
Structural(882015): 12 841->852
Structural(882016): 12 853->864
Structural(882017): 12 865->876
Structural(882018): 12 877->888
Structural(882019): 12 889->900
Structural(882020): 12 901->912
Joint(5): 320 913->1232
Joint(1): 3 1233->1235
Joint(1004): 6 1236->1241
Joint(1008): 6 1242->1247
Joint(1011): 6 1248->1253
Joint(1014): 6 1254->1259
Joint(1017): 6 1260->1265
Joint(2004): 6 1266->1271
Joint(2008): 6 1272->1277
Joint(2011): 6 1278->1283
Joint(2014): 6 1284->1289
Joint(2017): 6 1290->1295
Joint(9601): 6 1296->1301
Joint(9602): 6 1302->1307
Joint(9603): 6 1308->1313
Joint(9604): 6 1314->1319
Joint(9605): 6 1320->1325
Joint(9606): 6 1326->1331
Joint(9607): 6 1332->1337
Joint(9608): 6 1338->1343
Joint(9609): 6 1344->1349
Joint(9610): 6 1350->1355
Joint(9611): 6 1356->1361
Joint(9612): 6 1362->1367
Joint(9613): 6 1368->1373
Joint(9614): 6 1374->1379
Joint(9615): 6 1380->1385
Joint(9616): 6 1386->1391
Joint(9617): 6 1392->1397
Joint(9618): 6 1398->1403
Joint(9619): 6 1404->1409
Joint(9620): 6 1410->1415
End of simulation at time 0.04 after 20 steps;
output in file "/home/monzani/X_56/workflows/bff_DUST/runs/smoke_20260908_131340/case"
total iterations: 82
total Jacobian matrices: 82
total error: 0.00105666

The simulation required 6.130 seconds of CPU time
MBDyn terminated normally
